MO clk_500HZ NULL "Source Code/clk_500HZ.v" vlg34/clk__500_h_z.bin 1490768803
MO dff NULL "Source Code/dff.v" vlg28/dff.bin 1490768803
MO top_level_lab_3 NULL "Source Code/top_level_lab_3.v" vlg1E/top__level__lab__3.bin 1490768803
MO debounce NULL "Source Code/debounce.v" vlg1D/debounce.bin 1490768803
MO overlapping_sequence_detector NULL "Source Code/overlapping_sequence_detector.v" vlg1C/overlapping__sequence__detector.bin 1490768803
MO hex_to_7segment NULL "Source Code/hex_to_7segment.v" vlg50/hex__to__7segment.bin 1490768803
